// Jest Snapshot v1, https://goo.gl/fbAQLP

exports[`<SparkLine /> renders correctly 1`] = `
<View
  onLayout={[Function]}
  style={
    Object {
      "alignItems": "flex-end",
      "flex": 1,
      "flexDirection": "row",
      "justifyContent": "center",
    }
  }
/>
`;
